Warning message:
replacing previous import ‘ggplot2::%+%’ by ‘FLCore::%+%’ when loading ‘ggplotFL’ 

#### lib_base FLicc 1.0.9 
no cut mn  nll 35786.5477  SPR 0.2527  Fspr40 0.08098
no cut dm  nll 35702.3207  SPR 0.2722  Fspr40 0.08055
no cut nb  nll 2081.7373  SPR 0.2562  Fspr40 0.07916
NULL
Warning message:
replacing previous import ‘ggplot2::%+%’ by ‘FLCore::%+%’ when loading ‘ggplotFL’ 

#### lib_new FLicc 1.0.9 
no cut mn  nll 35786.5477  SPR 0.2527  Fspr40 0.08097
no cut dm  nll 35702.3207  SPR 0.2722  Fspr40 0.08055
no cut nb  nll 2081.7373  SPR 0.2562  Fspr40 0.07916
NULL

--- tail_cut tests ---
tail_cut 1.0 mn  cut_bin 46 (Lcut 56 cm)  nll 35761.751  conv 0  SPR 0.2584  Fspr40 0.08168
tail_cut 1.0 dm  cut_bin 46 (Lcut 56 cm)  nll 35678.306  conv 0  SPR 0.2805  Fspr40 0.08146
tail_cut 1.0 nb  cut_bin 46 (Lcut 56 cm)  nll 2069.892  conv 1  SPR 0.2641  Fspr40 0.08011
tail_cut 0.9 mn  cut_bin 41 (Lcut 51 cm)  nll 35466.625  conv 0  SPR 0.2507  Fspr40 0.08094
tail_cut 0.9 dm  cut_bin 41 (Lcut 51 cm)  nll 35383.040  conv 0  SPR 0.2721  Fspr40 0.08055
tail_cut 0.9 nb  cut_bin 41 (Lcut 51 cm)  nll 2004.911  conv 1  SPR 0.2613  Fspr40 0.07989

--- indicators ---
        Lcut   Lref.Trawl Lref.Gillnet 
          51           22           36 
Lcut_nocut 
        NA 
Lcut_mean 
       51 
 [1] 0.732 1.332 1.266 0.705 0.692 0.870 0.699 0.956 1.048 0.606 0.732 0.455

--- reference points on cut fit ---
      fspr        brp 
0.08054766 0.08054766 

--- lfdess with empty gear-year ---
[1] FALSE
flicc2FLStockR on cut fit: ok 

=== no cut: main vs dev-tailcut ===
nocut_mn  obj0=0 obj=8.82e-07 spr=1.86e-05 fspr=2.38e-06  DIFFERS
nocut_dm  obj0=0 obj=2.59e-08 spr=1.16e-05 fspr=6.57e-07  DIFFERS
nocut_nb  obj0=0 obj=3.16e-09 spr=8.15e-06 fspr=7.93e-07  OK
