[1] TRUE
using C++ compiler: ‘g++ (Ubuntu 13.3.0-6ubuntu2~24.04.1) 13.3.0’
g++ -std=gnu++20 -I"/opt/R/4.6.1/lib/R/include" -DNDEBUG -I"/home/runner/work/_temp/Library/TMB/include" -I"/home/runner/work/_temp/Library/RcppEigen/include"  -DTMB_SAFEBOUNDS -DTMB_EIGEN_DISABLE_WARNINGS -DLIB_UNLOAD=R_unload_gtgdyn  -DTMB_LIB_INIT=R_init_gtgdyn  -DTMBAD_FRAMEWORK  -I/usr/local/include    -fpic  -O2  -c out/gtgdyn.cpp -o out/gtgdyn.o
g++ -std=gnu++20 -shared -L/opt/R/4.6.1/lib/R/lib -L/usr/local/lib -o out/gtgdyn.so out/gtgdyn.o -L/opt/R/4.6.1/lib/R/lib -lR
[1] 0
framework TMBad, compiled in 48 s 
GTG 19, bins 34, quadrature nodes 2208 
dims: A 19x35, dT 19x34, reach 19x34, lb 35, node_j range 0-33 
[1] 22273.8
[1] 22273.85
grid vs exact (TMB): 1.3e-04 
[1] 22788.62
REFERENCE TEST: max |TMB - Python|  dyn exact 2.66e-12   dyn grid 3.06e-12   eq 2.54e-12   -> PASS 
noRdev seed 1 eq_dome        conv TRUE     0.1 s  it 146  nll 22202.7  sig NA/NA  relative convergence (4) 
noRdev seed 1 dyn_dome       conv TRUE     1.8 s  it 98  nll 22195.7  sig NA/NA  relative convergence (4) 
noRdev seed 1 dyn_dome_Rdev  conv TRUE     2.1 s  it 103  nll 22197.8  sig NA/NA  relative convergence (4) 
noRdev seed 1 dyn_dome_Rrw   conv TRUE     7.9 s  it 492  nll 22173.9  sig NA/NA  relative convergence (4) 
noRdev seed 2 eq_dome        conv TRUE     0.2 s  it 284  nll 22052  sig NA/NA  relative convergence (4) 
noRdev seed 2 dyn_dome       conv TRUE     2.2 s  it 132  nll 22046.7  sig NA/NA  relative convergence (4) 
noRdev seed 2 dyn_dome_Rdev  conv TRUE     3.8 s  it 223  nll 22050.1  sig NA/NA  relative convergence (4) 
noRdev seed 2 dyn_dome_Rrw   conv TRUE    14.1 s  it 938  nll 22025.2  sig NA/NA  relative convergence (4) 
noRdev seed 3 eq_dome        conv FALSE    0.7 s  it 1000  nll 22086.7  sig NA/NA  iteration limit reached without convergence (10) 
noRdev seed 3 dyn_dome       conv TRUE     1.4 s  it 75  nll 22059.6  sig NA/NA  relative convergence (4) 
noRdev seed 3 dyn_dome_Rdev  conv FALSE   15.2 s  it 1000  nll 22060.4  sig NA/NA  iteration limit reached without convergence (10) 
noRdev seed 3 dyn_dome_Rrw   conv TRUE    11.5 s  it 703  nll 22037  sig NA/NA  relative convergence (4) 
noRdev seed 4 eq_dome        conv TRUE     0.2 s  it 306  nll 22021.8  sig NA/NA  relative convergence (4) 
noRdev seed 4 dyn_dome       conv TRUE     1.5 s  it 61  nll 22009.5  sig NA/NA  relative convergence (4) 
noRdev seed 4 dyn_dome_Rdev  conv FALSE   16.0 s  it 1000  nll 22010.1  sig NA/NA  iteration limit reached without convergence (10) 
noRdev seed 4 dyn_dome_Rrw   conv FALSE   15.8 s  it 1000  nll 21984.4  sig NA/NA  iteration limit reached without convergence (10) 
Rdev   seed 1 eq_dome        conv TRUE     0.5 s  it 487  nll 22354  sig NA/NA  relative convergence (4) 
Rdev   seed 1 dyn_dome       conv TRUE     2.2 s  it 104  nll 22307.3  sig NA/NA  relative convergence (4) 
Rdev   seed 1 dyn_dome_Rdev  conv TRUE     2.6 s  it 124  nll 22272.6  sig NA/NA  relative convergence (4) 
Rdev   seed 1 dyn_dome_Rrw   conv TRUE    13.5 s  it 811  nll 22261.1  sig NA/NA  relative convergence (4) 
Rdev   seed 2 eq_dome        conv FALSE    0.7 s  it 1000  nll 22083.2  sig NA/NA  iteration limit reached without convergence (10) 
Rdev   seed 2 dyn_dome       conv TRUE     2.7 s  it 153  nll 22048.9  sig NA/NA  relative convergence (4) 
Rdev   seed 2 dyn_dome_Rdev  conv TRUE     5.3 s  it 300  nll 22002.5  sig NA/NA  relative convergence (4) 
Rdev   seed 2 dyn_dome_Rrw   conv FALSE   15.5 s  it 1000  nll 21995.1  sig NA/NA  iteration limit reached without convergence (10) 
Rdev   seed 3 eq_dome        conv TRUE     0.5 s  it 678  nll 22171.5  sig NA/NA  relative convergence (4) 
Rdev   seed 3 dyn_dome       conv TRUE     1.5 s  it 66  nll 22138.5  sig NA/NA  relative convergence (4) 
Rdev   seed 3 dyn_dome_Rdev  conv TRUE    10.0 s  it 605  nll 22121.5  sig NA/NA  relative convergence (4) 
Rdev   seed 3 dyn_dome_Rrw   conv FALSE   15.6 s  it 1000  nll 22099  sig NA/NA  iteration limit reached without convergence (10) 
Rdev   seed 4 eq_dome        conv TRUE     0.2 s  it 185  nll 22009.5  sig NA/NA  relative convergence (4) 
Rdev   seed 4 dyn_dome       conv TRUE     1.5 s  it 78  nll 22006.3  sig NA/NA  relative convergence (4) 
Rdev   seed 4 dyn_dome_Rdev  conv TRUE     7.5 s  it 465  nll 21976.8  sig NA/NA  relative convergence (4) 
Rdev   seed 4 dyn_dome_Rrw   conv TRUE     5.1 s  it 286  nll 21961.2  sig NA/NA  relative convergence (4) 
# gtg.dyn TMB trial

Stage: penalised

Reference test (TMB vs Python, same inputs): dyn exact 2.7e-12, dyn grid 3.1e-12, eq 2.5e-12 -> **PASS**

## Median fit time (s)

| model | TMB | Python |
|---|---|---|
| dyn_dome | 1.6 | 216 |
| dyn_dome_Rdev | 6.4 | 620 |
| dyn_dome_Rrw | 13.8 | 695 |
| eq_dome | 0.3 | 5 |

## Relative error in SPR: median (RMSE)

| source | scenario | model | decline | rebuild | recent | final |
|---|---|---|---|---|---|---|
| Python | noRdev | dyn_dome | +1% (6%) | -2% (8%) | -6% (11%) | -17% (18%) |
| TMB | noRdev | dyn_dome | -0% (6%) | -3% (8%) | -7% (11%) | -17% (18%) |
| Python | noRdev | dyn_dome_Rdev | +2% (7%) | -6% (10%) | -2% (15%) | -6% (14%) |
| TMB | noRdev | dyn_dome_Rdev | +0% (7%) | -6% (9%) | -5% (13%) | -10% (15%) |
| Python | noRdev | dyn_dome_Rrw | +1% (7%) | -7% (10%) | -4% (15%) | -9% (16%) |
| TMB | noRdev | dyn_dome_Rrw | -0% (8%) | -8% (10%) | -5% (15%) | -8% (17%) |
| Python | noRdev | dyn_logistic | +1% (4%) | -7% (10%) | -2% (12%) | -27% (27%) |
| Python | noRdev | eq_dome | -9% (12%) | -22% (22%) | -3% (8%) | -8% (8%) |
| TMB | noRdev | eq_dome | -8% (11%) | -19% (22%) | +1% (28%) | -8% (36%) |
| Python | noRdev | eq_logistic | -9% (8%) | -29% (27%) | -9% (9%) | -15% (15%) |
| Python | Rdev | dyn_dome | +3% (20%) | +13% (23%) | -2% (17%) | -17% (24%) |
| TMB | Rdev | dyn_dome | +5% (20%) | +11% (22%) | -7% (16%) | -20% (24%) |
| Python | Rdev | dyn_dome_Rdev | +0% (9%) | +6% (14%) | -0% (11%) | -13% (15%) |
| TMB | Rdev | dyn_dome_Rdev | +1% (10%) | +2% (11%) | -3% (11%) | -19% (18%) |
| Python | Rdev | dyn_dome_Rrw | +1% (9%) | +5% (15%) | +3% (14%) | -6% (13%) |
| TMB | Rdev | dyn_dome_Rrw | +1% (10%) | +2% (10%) | +1% (10%) | -15% (15%) |
| Python | Rdev | dyn_logistic | -7% (13%) | +20% (24%) | -2% (16%) | -32% (32%) |
| Python | Rdev | eq_dome | -8% (11%) | -20% (23%) | +9% (16%) | -1% (6%) |
| TMB | Rdev | eq_dome | -7% (11%) | -18% (24%) | +20% (29%) | -1% (28%) |
| Python | Rdev | eq_logistic | -14% (15%) | -27% (26%) | +2% (4%) | -13% (13%) |

## Max |SPR TMB - SPR Python| for the same penalised model

| model | scenario | max diff |
|---|---|---|
| dyn_dome | noRdev | 0.013 |
| dyn_dome_Rdev | noRdev | 0.033 |
| dyn_dome_Rrw | noRdev | 0.011 |
| eq_dome | noRdev | 0.312 |
| dyn_dome | Rdev | 0.045 |
| dyn_dome_Rdev | Rdev | 0.065 |
| dyn_dome_Rrw | Rdev | 0.114 |
| eq_dome | Rdev | 0.208 |

Convergence: 25 of 32 fits
noRdev seed 1 dyn_Rdev_RE    conv TRUE    29.4 s  it 169  nll 22195.7  sig NA/0.01  relative convergence (4) 
noRdev seed 1 dyn_FR_RE      conv TRUE   452.8 s  it 359  nll 22217.2  sig 0.217/0.01  relative convergence (4) 
noRdev seed 2 dyn_Rdev_RE    conv TRUE    26.7 s  it 156  nll 22046.7  sig NA/0.01  relative convergence (4) 
